
> digital-saas-store@1.0.0 build
> next build

   Γû▓ Next.js 15.5.15
   - Environments: .env.local

   Creating an optimized production build ...
 Γ£ô Compiled successfully in 2.9s
   Linting and checking validity of types ...
npm : 
At line:1 char:1
+ npm run build 2>&1 > build_output.txt; Get-Content build_output.txt | ...
+ ~~~~~~~~~~~~~~~~~~~~~~~~~~~~~~~~~~~~~
    + CategoryInfo          : NotSpecified: (:String) [], RemoteException
    + FullyQualifiedErrorId : NativeCommandError
 
 ΓÜá The Next.js plugin was not detected in your ESLint configuration. See http
s://nextjs.org/docs/app/api-reference/config/eslint#migrating-existing-config

Failed to compile.

./src/app/products/[id]/page.tsx
319:21  Error: `'` can be escaped with `&apos;`, `&lsquo;`, `&#39;`, 
`&rsquo;`.  react/no-unescaped-entities

./src/components/auth/AuthPanel.tsx
53:19  Error: Unexpected any. Specify a different type.  
@typescript-eslint/no-explicit-any

./src/components/reviews/ProductReviews.tsx
88:5  Error: Error: Calling setState synchronously within an effect can 
trigger cascading renders

Effects are intended to synchronize state between React and external systems 
such as manually updating the DOM, state management libraries, or other 
platform APIs. In general, the body of an effect should do one or both of the 
following:
* Update external systems with the latest state from React.
* Subscribe for updates from some external system, calling setState in a 
callback function when external state changes.

Calling setState synchronously within an effect body causes cascading renders 
that can hurt performance, and is not recommended. 
(https://react.dev/learn/you-might-not-need-an-effect).

E:\ai-code-store\src\components\reviews\ProductReviews.tsx:88:5
  86 |   useEffect(() => {
  87 |     // eslint-disable-next-line react-hooks/exhaustive-deps
> 88 |     load();
     |     ^^^^ Avoid calling setState() directly within an effect
  89 |   }, [productId, sort]);
  90 |
  91 |   const formatDate = (value: unknown) => {  
react-hooks/set-state-in-effect
89:6  Warning: React Hook useEffect has a missing dependency: 'load'. Either 
include it or remove the dependency array.  react-hooks/exhaustive-deps
93:38  Error: Unexpected any. Specify a different type.  
@typescript-eslint/no-explicit-any

./src/components/ui/Particles.tsx
19:5  Error: Error: Calling setState synchronously within an effect can 
trigger cascading renders

Effects are intended to synchronize state between React and external systems 
such as manually updating the DOM, state management libraries, or other 
platform APIs. In general, the body of an effect should do one or both of the 
following:
* Update external systems with the latest state from React.
* Subscribe for updates from some external system, calling setState in a 
callback function when external state changes.

Calling setState synchronously within an effect body causes cascading renders 
that can hurt performance, and is not recommended. 
(https://react.dev/learn/you-might-not-need-an-effect).

E:\ai-code-store\src\components\ui\Particles.tsx:19:5
  17 |   // eslint-disable-next-line react-hooks/set-state-in-effect
  18 |   useEffect(() => {
> 19 |     setMounted(true);
     |     ^^^^^^^^^^ Avoid calling setState() directly within an effect
  20 |   }, [setMounted]);
  21 |
  22 |   // ≡ƒöÑ generate once (no re-renders)  react-hooks/set-state-in-effect
63:14  Error: Unknown property 'jsx' found  react/no-unknown-property

./src/hooks/usePurchaseStatus.ts
28:7  Error: Error: Calling setState synchronously within an effect can 
trigger cascading renders

Effects are intended to synchronize state between React and external systems 
such as manually updating the DOM, state management libraries, or other 
platform APIs. In general, the body of an effect should do one or both of the 
following:
* Update external systems with the latest state from React.
* Subscribe for updates from some external system, calling setState in a 
callback function when external state changes.

Calling setState synchronously within an effect body causes cascading renders 
that can hurt performance, and is not recommended. 
(https://react.dev/learn/you-might-not-need-an-effect).

E:\ai-code-store\src\hooks\usePurchaseStatus.ts:28:7
  26 |     // eslint-disable-next-line react-hooks/set-state-in-effect
  27 |     if (!user || !productId) {
> 28 |       setStatus({ purchased: false, loading: false });
     |       ^^^^^^^^^ Avoid calling setState() directly within an effect
  29 |       return;
  30 |     }
  31 |  react-hooks/set-state-in-effect
95:6  Warning: React Hook useEffect has a missing dependency: 'user'. Either 
include it or remove the dependency array.  react-hooks/exhaustive-deps

info  - Need to disable some ESLint rules? Learn more here: 
https://nextjs.org/docs/app/api-reference/config/eslint#disabling-rules
